SET 2
STORE 9
SET 0
STORE 8
SET 1
STORE 7
JUMP 227
LOAD 7 [power]
STOREI 14
LOADI 12
STORE 16
LOADI 11
STORE 2
LOAD 8
STORE 5
LOADI 13
SUB 2
JPOS 37
LOADI 13
STORE 4
LOAD 4
SUB 2
JPOS 27
LOAD 4
ADD 4
STORE 4
JUMP 20
LOAD 4
HALF
STORE 4
LOAD 2
SUB 4
STORE 2
LOAD 5
ADD 4
STORE 5
JUMP 15
LOADI 11
SUB 5
STORE 15
LOAD 16
JZERO 226
LOAD 16
STORE 2
LOAD 8
STORE 5
LOAD 9
SUB 2
JPOS 68
LOAD 9
STORE 4
LOAD 4
SUB 2
JPOS 58
LOAD 4
ADD 4
STORE 4
JUMP 51
LOAD 4
HALF
STORE 4
LOAD 2
SUB 4
STORE 2
LOAD 5
ADD 4
STORE 5
JUMP 46
LOAD 16
SUB 5
STORE 17
LOAD 7
SUB 17
STORE 1
LOAD 17
SUB 7
ADD 1
JPOS 150
LOADI 14
SUB 15
JZERO 86
LOAD 15
STORE 2
LOADI 14
STORE 3
JUMP 90
LOADI 14
STORE 2
LOAD 15
STORE 3
LOAD 8
STORE 4
LOAD 2
SUB 8
JZERO 120
LOAD 2
HALF
ADD 0
STORE 5
LOAD 2
SUB 5
STORE 1
LOAD 5
SUB 2
ADD 1
JPOS 113
LOAD 3
ADD 3
STORE 3
LOAD 2
HALF
STORE 2
JUMP 119
LOAD 4
ADD 3
STORE 4
LOAD 2
SUB 7
STORE 2
JUMP 92
LOAD 4
STOREI 14
STORE 2
LOAD 8
STORE 5
LOADI 13
SUB 2
JPOS 147
LOADI 13
STORE 4
LOAD 4
SUB 2
JPOS 137
LOAD 4
ADD 4
STORE 4
JUMP 130
LOAD 4
HALF
STORE 4
LOAD 2
SUB 4
STORE 2
LOAD 5
ADD 4
STORE 5
JUMP 125
LOADI 14
SUB 5
STOREI 14
LOAD 16
HALF
STORE 16
LOAD 15
SUB 15
JZERO 161
LOAD 15
STORE 2
LOAD 15
STORE 3
JUMP 165
LOAD 15
STORE 2
LOAD 15
STORE 3
LOAD 8
STORE 4
LOAD 2
SUB 8
JZERO 195
LOAD 2
HALF
ADD 0
STORE 5
LOAD 2
SUB 5
STORE 1
LOAD 5
SUB 2
ADD 1
JPOS 188
LOAD 3
ADD 3
STORE 3
LOAD 2
HALF
STORE 2
JUMP 194
LOAD 4
ADD 3
STORE 4
LOAD 2
SUB 7
STORE 2
JUMP 167
LOAD 4
STORE 15
STORE 2
LOAD 8
STORE 5
LOADI 13
SUB 2
JPOS 222
LOADI 13
STORE 4
LOAD 4
SUB 2
JPOS 212
LOAD 4
ADD 4
STORE 4
JUMP 205
LOAD 4
HALF
STORE 4
LOAD 2
SUB 4
STORE 2
LOAD 5
ADD 4
STORE 5
JUMP 200
LOAD 15
SUB 5
STORE 15
JUMP 40
JUMPI 10
GET 19 [MAIN]
GET 20
GET 21
SET 19
STORE 11
SET 20
STORE 12
SET 21
STORE 13
SET 22
STORE 14
SET 241
STORE 10
JUMP 7
PUT 22
HALT
