SET 2
STORE 9
SET 0
STORE 8
SET 1
STORE 7
JUMP 250
LOAD 7 [s]
STOREI 12
LOADI 11
STORE 13
LOAD 13
JZERO 142
LOAD 13
STORE 2
LOAD 8
STORE 5
LOAD 9
SUB 2
JPOS 39
LOAD 9
STORE 4
LOAD 4
SUB 2
JPOS 29
LOAD 4
ADD 4
STORE 4
JUMP 22
LOAD 4
HALF
STORE 4
LOAD 2
SUB 4
STORE 2
LOAD 5
ADD 4
STORE 5
JUMP 17
LOAD 13
SUB 5
STORE 14
LOAD 7
SUB 14
STORE 1
LOAD 14
SUB 7
ADD 1
JPOS 94
LOADI 12
SUB 13
JZERO 57
LOAD 13
STORE 2
LOADI 12
STORE 3
JUMP 61
LOADI 12
STORE 2
LOAD 13
STORE 3
LOAD 8
STORE 4
LOAD 2
SUB 8
JZERO 91
LOAD 2
HALF
ADD 0
STORE 5
LOAD 2
SUB 5
STORE 1
LOAD 5
SUB 2
ADD 1
JPOS 84
LOAD 3
ADD 3
STORE 3
LOAD 2
HALF
STORE 2
JUMP 90
LOAD 4
ADD 3
STORE 4
LOAD 2
SUB 7
STORE 2
JUMP 63
LOAD 4
STOREI 12
JUMP 138
LOAD 13
SUBI 12
JZERO 102
LOADI 12
STORE 2
LOAD 13
STORE 3
JUMP 106
LOAD 13
STORE 2
LOADI 12
STORE 3
LOAD 8
STORE 4
LOAD 2
SUB 8
JZERO 136
LOAD 2
HALF
ADD 0
STORE 5
LOAD 2
SUB 5
STORE 1
LOAD 5
SUB 2
ADD 1
JPOS 129
LOAD 3
ADD 3
STORE 3
LOAD 2
HALF
STORE 2
JUMP 135
LOAD 4
ADD 3
STORE 4
LOAD 2
SUB 7
STORE 2
JUMP 108
LOAD 4
STOREI 12
LOAD 13
SUB 7
STORE 13
JUMP 11
JUMPI 10
LOAD 16 [bc]
STORE 11
SET 20
STORE 12
SET 150
STORE 10
JUMP 7
LOADI 16
SUBI 17
STORE 19
SET 19
STORE 11
SET 21
STORE 12
SET 160
STORE 10
JUMP 7
LOAD 17
STORE 11
SET 22
STORE 12
SET 167
STORE 10
JUMP 7
LOAD 8
STORE 4
LOAD 21
SUB 8
JZERO 206
LOAD 21
STORE 3
LOAD 20
STORE 2
LOAD 3
SUB 2
JPOS 206
LOAD 7
STORE 5
LOAD 3
STORE 6
LOAD 6
SUB 2
JPOS 193
LOAD 6
ADD 6
STORE 6
LOAD 5
ADD 5
STORE 5
JUMP 183
LOAD 5
HALF
STORE 5
LOAD 6
HALF
STORE 6
LOAD 4
ADD 5
STORE 4
LOAD 2
SUB 6
STORE 2
JUMP 176
LOAD 4
STOREI 18
LOAD 8
STORE 4
LOAD 22
SUB 8
JZERO 247
LOAD 22
STORE 3
LOADI 18
STORE 2
LOAD 3
SUB 2
JPOS 247
LOAD 7
STORE 5
LOAD 3
STORE 6
LOAD 6
SUB 2
JPOS 234
LOAD 6
ADD 6
STORE 6
LOAD 5
ADD 5
STORE 5
JUMP 224
LOAD 5
HALF
STORE 5
LOAD 6
HALF
STORE 6
LOAD 4
ADD 5
STORE 4
LOAD 2
SUB 6
STORE 2
JUMP 217
LOAD 4
STOREI 18
JUMPI 15
GET 24 [MAIN]
GET 25
SET 24
STORE 16
SET 25
STORE 17
SET 26
STORE 18
SET 261
STORE 15
JUMP 143
PUT 26
HALT
