JUMP 73
LOADI 8 [pa]
ADDI 9
STOREI 8
SUBI 9
STOREI 9
JUMPI 7
LOAD 11 [pb]
STORE 8
LOAD 12
STORE 9
SET 14
STORE 7
JUMP 1
LOAD 11
STORE 8
LOAD 12
STORE 9
SET 21
STORE 7
JUMP 1
JUMPI 10
LOAD 14 [pc]
STORE 11
LOAD 15
STORE 12
SET 29
STORE 10
JUMP 7
LOAD 14
STORE 11
LOAD 15
STORE 12
SET 36
STORE 10
JUMP 7
LOAD 14
STORE 11
LOAD 15
STORE 12
SET 43
STORE 10
JUMP 7
JUMPI 13
LOAD 17 [pd]
STORE 14
LOAD 18
STORE 15
SET 51
STORE 13
JUMP 22
LOAD 17
STORE 14
LOAD 18
STORE 15
SET 58
STORE 13
JUMP 22
LOAD 17
STORE 14
LOAD 18
STORE 15
SET 65
STORE 13
JUMP 22
LOAD 17
STORE 14
LOAD 18
STORE 15
SET 72
STORE 13
JUMP 22
JUMPI 16
GET 20 [MAIN]
GET 21
SET 20
STORE 17
SET 21
STORE 18
SET 82
STORE 16
JUMP 44
PUT 20
PUT 21
HALT
