GET 8 [MAIN]
LOAD 8
STORE 9
ADD 8
STORE 10
ADD 9
STORE 11
ADD 10
STORE 12
ADD 11
STORE 13
ADD 12
STORE 14
ADD 13
STORE 15
ADD 14
STORE 16
ADD 15
STORE 17
ADD 16
STORE 18
ADD 17
STORE 19
ADD 18
STORE 20
ADD 19
STORE 21
ADD 20
STORE 22
ADD 21
STORE 23
ADD 22
STORE 24
ADD 23
STORE 25
ADD 24
STORE 26
ADD 25
STORE 27
ADD 26
STORE 28
ADD 27
STORE 29
ADD 28
STORE 30
ADD 29
STORE 31
ADD 30
STORE 32
ADD 31
STORE 33
PUT 33
HALT
