SET 0
STORE 8
SET 1
STORE 7
JUMP 304
LOADI 10 [de]
STORE 15
LOADI 11
STORE 16
LOAD 7
STOREI 12
LOAD 8
STOREI 13
LOADI 11
STORE 17
LOADI 10
SUB 7
STORE 18
LOAD 16
JZERO 301
LOAD 15
STORE 2
LOAD 8
STORE 5
LOAD 16
SUB 2
JPOS 46
LOAD 16
STORE 4
LOAD 4
SUB 2
JPOS 36
LOAD 4
ADD 4
STORE 4
JUMP 29
LOAD 4
HALF
STORE 4
LOAD 2
SUB 4
STORE 2
LOAD 5
ADD 4
STORE 5
JUMP 24
LOAD 15
SUB 5
STORE 19
LOAD 8
STORE 4
LOAD 16
SUB 8
JZERO 88
LOAD 16
STORE 3
LOAD 15
STORE 2
LOAD 3
SUB 2
JPOS 88
LOAD 7
STORE 5
LOAD 3
STORE 6
LOAD 6
SUB 2
JPOS 75
LOAD 6
ADD 6
STORE 6
LOAD 5
ADD 5
STORE 5
JUMP 65
LOAD 5
HALF
STORE 5
LOAD 6
HALF
STORE 6
LOAD 4
ADD 5
STORE 4
LOAD 2
SUB 6
STORE 2
JUMP 58
LOAD 4
STORE 20
LOAD 16
STORE 15
LOAD 19
STORE 16
LOAD 17
STORE 21
LOAD 20
SUB 17
JZERO 104
LOAD 17
STORE 2
LOAD 20
STORE 3
JUMP 108
LOAD 20
STORE 2
LOAD 17
STORE 3
LOAD 8
STORE 4
LOAD 2
SUB 8
JZERO 138
LOAD 2
HALF
ADD 0
STORE 5
LOAD 2
SUB 5
STORE 1
LOAD 5
SUB 2
ADD 1
JPOS 131
LOAD 3
ADD 3
STORE 3
LOAD 2
HALF
STORE 2
JUMP 137
LOAD 4
ADD 3
STORE 4
LOAD 2
SUB 7
STORE 2
JUMP 110
LOAD 4
STORE 23
LOAD 23
SUBI 12
JZERO 188
LOADI 11
SUB 20
JZERO 151
LOAD 20
STORE 2
LOADI 11
STORE 3
JUMP 155
LOADI 11
STORE 2
LOAD 20
STORE 3
LOAD 8
STORE 4
LOAD 2
SUB 8
JZERO 185
LOAD 2
HALF
ADD 0
STORE 5
LOAD 2
SUB 5
STORE 1
LOAD 5
SUB 2
ADD 1
JPOS 178
LOAD 3
ADD 3
STORE 3
LOAD 2
HALF
STORE 2
JUMP 184
LOAD 4
ADD 3
STORE 4
LOAD 2
SUB 7
STORE 2
JUMP 157
LOAD 4
STORE 17
JUMP 190
LOAD 8
STORE 17
LOAD 17
ADDI 12
STORE 17
SUB 23
STORE 17
LOAD 18
STORE 22
LOAD 20
SUB 18
JZERO 205
LOAD 18
STORE 2
LOAD 20
STORE 3
JUMP 209
LOAD 20
STORE 2
LOAD 18
STORE 3
LOAD 8
STORE 4
LOAD 2
SUB 8
JZERO 239
LOAD 2
HALF
ADD 0
STORE 5
LOAD 2
SUB 5
STORE 1
LOAD 5
SUB 2
ADD 1
JPOS 232
LOAD 3
ADD 3
STORE 3
LOAD 2
HALF
STORE 2
JUMP 238
LOAD 4
ADD 3
STORE 4
LOAD 2
SUB 7
STORE 2
JUMP 211
LOAD 4
STORE 23
LOAD 23
SUBI 13
JZERO 289
LOADI 10
SUB 20
JZERO 252
LOAD 20
STORE 2
LOADI 10
STORE 3
JUMP 256
LOADI 10
STORE 2
LOAD 20
STORE 3
LOAD 8
STORE 4
LOAD 2
SUB 8
JZERO 286
LOAD 2
HALF
ADD 0
STORE 5
LOAD 2
SUB 5
STORE 1
LOAD 5
SUB 2
ADD 1
JPOS 279
LOAD 3
ADD 3
STORE 3
LOAD 2
HALF
STORE 2
JUMP 285
LOAD 4
ADD 3
STORE 4
LOAD 2
SUB 7
STORE 2
JUMP 258
LOAD 4
STORE 18
JUMP 291
LOAD 8
STORE 18
LOAD 18
ADDI 13
STORE 18
SUB 23
STORE 18
LOAD 21
STOREI 12
LOAD 22
STOREI 13
JUMP 18
LOAD 15
STOREI 14
JUMPI 9
GET 25 [MAIN]
GET 26
SET 25
STORE 10
SET 26
STORE 11
SET 27
STORE 12
SET 28
STORE 13
SET 29
STORE 14
SET 319
STORE 9
JUMP 5
PUT 27
PUT 28
PUT 29
HALT
