SET 2
STORE 13
SET 0
STORE 11
SET 4294967300
STORE 10
SET 1
STORE 12
SET 4294967299
STORE 9
SET 4294967298
STORE 8
SET 4294967297
STORE 7
LOAD 7 [MAIN]
STORE 15
LOAD 8
STORE 16
LOAD 9
STORE 17
LOAD 10
STORE 18
LOAD 15
SUB 16
JZERO 30
LOAD 16
STORE 2
LOAD 15
STORE 3
JUMP 34
LOAD 15
STORE 2
LOAD 16
STORE 3
LOAD 11
STORE 4
LOAD 2
SUB 11
JZERO 64
LOAD 2
HALF
ADD 0
STORE 5
LOAD 2
SUB 5
STORE 1
LOAD 5
SUB 2
ADD 1
JPOS 57
LOAD 3
ADD 3
STORE 3
LOAD 2
HALF
STORE 2
JUMP 63
LOAD 4
ADD 3
STORE 4
LOAD 2
SUB 12
STORE 2
JUMP 36
LOAD 4
STORE 19
LOAD 19
SUB 17
JZERO 74
LOAD 17
STORE 2
LOAD 19
STORE 3
JUMP 78
LOAD 19
STORE 2
LOAD 17
STORE 3
LOAD 11
STORE 4
LOAD 2
SUB 11
JZERO 108
LOAD 2
HALF
ADD 0
STORE 5
LOAD 2
SUB 5
STORE 1
LOAD 5
SUB 2
ADD 1
JPOS 101
LOAD 3
ADD 3
STORE 3
LOAD 2
HALF
STORE 2
JUMP 107
LOAD 4
ADD 3
STORE 4
LOAD 2
SUB 12
STORE 2
JUMP 80
LOAD 4
STORE 19
LOAD 19
SUB 18
JZERO 118
LOAD 18
STORE 2
LOAD 19
STORE 3
JUMP 122
LOAD 19
STORE 2
LOAD 18
STORE 3
LOAD 11
STORE 4
LOAD 2
SUB 11
JZERO 152
LOAD 2
HALF
ADD 0
STORE 5
LOAD 2
SUB 5
STORE 1
LOAD 5
SUB 2
ADD 1
JPOS 145
LOAD 3
ADD 3
STORE 3
LOAD 2
HALF
STORE 2
JUMP 151
LOAD 4
ADD 3
STORE 4
LOAD 2
SUB 12
STORE 2
JUMP 124
LOAD 4
STORE 19
LOAD 13
STORE 23
LOAD 23
SUB 23
JZERO 164
LOAD 23
STORE 2
LOAD 23
STORE 3
JUMP 168
LOAD 23
STORE 2
LOAD 23
STORE 3
LOAD 11
STORE 4
LOAD 2
SUB 11
JZERO 198
LOAD 2
HALF
ADD 0
STORE 5
LOAD 2
SUB 5
STORE 1
LOAD 5
SUB 2
ADD 1
JPOS 191
LOAD 3
ADD 3
STORE 3
LOAD 2
HALF
STORE 2
JUMP 197
LOAD 4
ADD 3
STORE 4
LOAD 2
SUB 12
STORE 2
JUMP 170
LOAD 4
STORE 20
LOAD 20
SUB 19
JPOS 363
LOAD 11
STORE 22
LOAD 19
STORE 2
LOAD 11
STORE 5
LOAD 23
SUB 2
JPOS 231
LOAD 23
STORE 4
LOAD 4
SUB 2
JPOS 221
LOAD 4
ADD 4
STORE 4
JUMP 214
LOAD 4
HALF
STORE 4
LOAD 2
SUB 4
STORE 2
LOAD 5
ADD 4
STORE 5
JUMP 209
LOAD 19
SUB 5
STORE 21
LOAD 21
JPOS 310
LOAD 11
STORE 4
LOAD 23
SUB 11
JZERO 275
LOAD 23
STORE 3
LOAD 19
STORE 2
LOAD 3
SUB 2
JPOS 275
LOAD 12
STORE 5
LOAD 3
STORE 6
LOAD 6
SUB 2
JPOS 262
LOAD 6
ADD 6
STORE 6
LOAD 5
ADD 5
STORE 5
JUMP 252
LOAD 5
HALF
STORE 5
LOAD 6
HALF
STORE 6
LOAD 4
ADD 5
STORE 4
LOAD 2
SUB 6
STORE 2
JUMP 245
LOAD 4
STORE 19
LOAD 22
ADD 12
STORE 22
LOAD 19
STORE 2
LOAD 11
STORE 5
LOAD 23
SUB 2
JPOS 306
LOAD 23
STORE 4
LOAD 4
SUB 2
JPOS 296
LOAD 4
ADD 4
STORE 4
JUMP 289
LOAD 4
HALF
STORE 4
LOAD 2
SUB 4
STORE 2
LOAD 5
ADD 4
STORE 5
JUMP 284
LOAD 19
SUB 5
STORE 21
JUMP 234
LOAD 22
JZERO 315
PUT 23
PUT 22
JUMP 362
LOAD 23
ADD 12
STORE 23
LOAD 23
SUB 23
JZERO 326
LOAD 23
STORE 2
LOAD 23
STORE 3
JUMP 330
LOAD 23
STORE 2
LOAD 23
STORE 3
LOAD 11
STORE 4
LOAD 2
SUB 11
JZERO 360
LOAD 2
HALF
ADD 0
STORE 5
LOAD 2
SUB 5
STORE 1
LOAD 5
SUB 2
ADD 1
JPOS 353
LOAD 3
ADD 3
STORE 3
LOAD 2
HALF
STORE 2
JUMP 359
LOAD 4
ADD 3
STORE 4
LOAD 2
SUB 12
STORE 2
JUMP 332
LOAD 4
STORE 20
JUMP 200
LOAD 12
SUB 19
STORE 1
LOAD 19
SUB 12
ADD 1
JZERO 372
PUT 19
PUT 12
HALT
