SET 1
STORE 9
SET 5
STORE 8
SET 0
STORE 7
JUMP 27
LOAD 7 [test]
STORE 13
LOAD 8
SUB 13
JZERO 24
LOAD 13
JZERO 18
LOAD 12
ADD 8
STORE 12
JUMP 20
LOAD 8
STORE 12
LOAD 13
ADD 9
STORE 13
JUMP 9
LOAD 12
STOREI 11
JUMPI 10
SET 15 [MAIN]
STORE 11
SET 32
STORE 10
JUMP 7
PUT 15
HALT
